python : Creating test 
database for alias 
'default'...
En línea: 1 Carácter: 1
+ python Datium/backend
/manage.py test 
api.tests > 
test_output.txt 2>&1
+ ~~~~~~~~~~~~~~~~~~~~~
~~~~~~~~~~~~~~~~~~~~~~~
~~~~~~~~~~~~~~~~~~~~~~~
~~
    + CategoryInfo     
         : NotSpecifi  
  ed: (Creating test   
  d...as 'default'.    
..:String) [], Rem    
oteException
    + FullyQualifiedEr 
   rorId : NativeComm  
  andError
 

C:\Users\alvar\AppData\
Roaming\Python\Python31
4\site-packages\django\
core\handlers\base.py:6
1: UserWarning: No 
directory at: C:\Users\
alvar\Desktop\Datium-py
thon-ya-definitivo\Dati
um\staticfiles\
  mw_instance = middlew
are(adapted_handler)
....WARNING 2026-06-30 
20:29:24,735 log Bad 
Request: /api/tables/55
29665446/records
.FWARNING 2026-06-30 
20:29:32,030 log Bad 
Request: /api/tables/32
08319466/records
F.....
=======================
=======================
=======================
=
FAIL: test_relation_req
uires_target_pk (api.te
sts.test_pk_relations.P
KRelationsTests.test_re
lation_requires_target_
pk)
-----------------------
-----------------------
-----------------------
-
Traceback (most recent 
call last):
  File "C:\Users\alvar\
Desktop\Datium-python-y
a-definitivo\Datium\bac
kend\api\tests\test_pk_
relations.py", line 
104, in test_relation_r
equires_target_pk
    self.assertEqual(re
s_rel.status_code, 400)
    ~~~~~~~~~~~~~~~~^^^
^^^^^^^^^^^^^^^^^^^^^^^
AssertionError: 201 != 
400

=======================
=======================
=======================
=
FAIL: test_relations_in
tegrity (api.tests.test
_pk_relations.PKRelatio
nsTests.test_relations_
integrity)
-----------------------
-----------------------
-----------------------
-
Traceback (most recent 
call last):
  File "C:\Users\alvar\
Desktop\Datium-python-y
a-definitivo\Datium\bac
kend\api\tests\test_pk_
relations.py", line 
87, in test_relations_i
ntegrity
    self.assertEqual(re
cords[0]['displayValues
']['Depto'], 'IT')
    ~~~~~~~~~~~~~~~~^^^
^^^^^^^^^^^^^^^^^^^^^^^
^^^^^^^^^^^^^^^^^^
AssertionError: 
'#7188339899 - IT' != 
'IT'
- #7188339899 - IT
+ IT


-----------------------
-----------------------
-----------------------
-
Ran 12 tests in 38.286s

FAILED (failures=2)
Destroying test 
database for alias 
'default'...

Found 12 test(s).
System check identified no issues (0 silenced).
